'solc --version' running
'solc contracts/solidity/SignatureReplay.sol --combined-json abi,ast,bin,bin-runtime,srcmap,srcmap-runtime,userdoc,devdoc,hashes --allow-paths .,/Users/pwner/Git/vulnerable-smart-contract-examples/contracts/solidity' running
Compilation warnings/errors on contracts/solidity/SignatureReplay.sol:
Warning: 'transfer' is deprecated and scheduled for removal. Use 'call{value: <amount>}("")' instead.
  --> contracts/solidity/SignatureReplay.sol:81:9:
   |
81 |         payable(msg.sender).transfer(amount);
   |         ^^^^^^^^^^^^^^^^^^^^^^^^^^^^


'solc --version' running
'solc contracts/solidity/DenialOfService.sol --combined-json abi,ast,bin,bin-runtime,srcmap,srcmap-runtime,userdoc,devdoc,hashes --allow-paths .,/Users/pwner/Git/vulnerable-smart-contract-examples/contracts/solidity' running
Compilation warnings/errors on contracts/solidity/DenialOfService.sol:
Warning: 'transfer' is deprecated and scheduled for removal. Use 'call{value: <amount>}("")' instead.
  --> contracts/solidity/DenialOfService.sol:20:13:
   |
20 |             payable(currentLeader).transfer(currentBid);
   |             ^^^^^^^^^^^^^^^^^^^^^^^^^^^^^^^

Warning: 'transfer' is deprecated and scheduled for removal. Use 'call{value: <amount>}("")' instead.
  --> contracts/solidity/DenialOfService.sol:52:13:
   |
52 |             payable(shareholders[i]).transfer(reward);
   |             ^^^^^^^^^^^^^^^^^^^^^^^^^^^^^^^^^

Warning: 'transfer' is deprecated and scheduled for removal. Use 'call{value: <amount>}("")' instead.
   --> contracts/solidity/DenialOfService.sol:110:13:
    |
110 |             payable(recipients[i]).transfer(share);
    |             ^^^^^^^^^^^^^^^^^^^^^^^^^^^^^^^


'solc --version' running
'solc contracts/solidity/DelegatecallAdvanced.sol --combined-json abi,ast,bin,bin-runtime,srcmap,srcmap-runtime,userdoc,devdoc,hashes --allow-paths .,/Users/pwner/Git/vulnerable-smart-contract-examples/contracts/solidity' running
Compilation warnings/errors on contracts/solidity/DelegatecallAdvanced.sol:
Error: Expected ',' but got 'library'
   --> contracts/solidity/DelegatecallAdvanced.sol:332:46:
    |
332 |     function externalLibraryDelegate(address library, bytes memory data) public {
    |                                              ^^^^^^^


Traceback (most recent call last):
  File "/usr/local/Cellar/slither-analyzer/0.11.3_7/libexec/lib/python3.14/site-packages/crytic_compile/platform/solc.py", line 581, in _run_solc
    ret: Dict = json.loads(stdout)
                ~~~~~~~~~~^^^^^^^^
  File "/usr/local/Cellar/python@3.14/3.14.2/Frameworks/Python.framework/Versions/3.14/lib/python3.14/json/__init__.py", line 352, in loads
    return _default_decoder.decode(s)
           ~~~~~~~~~~~~~~~~~~~~~~~^^^
  File "/usr/local/Cellar/python@3.14/3.14.2/Frameworks/Python.framework/Versions/3.14/lib/python3.14/json/decoder.py", line 345, in decode
    obj, end = self.raw_decode(s, idx=_w(s, 0).end())
               ~~~~~~~~~~~~~~~^^^^^^^^^^^^^^^^^^^^^^^
  File "/usr/local/Cellar/python@3.14/3.14.2/Frameworks/Python.framework/Versions/3.14/lib/python3.14/json/decoder.py", line 363, in raw_decode
    raise JSONDecodeError("Expecting value", s, err.value) from None
json.decoder.JSONDecodeError: Expecting value: line 1 column 1 (char 0)

During handling of the above exception, another exception occurred:

Traceback (most recent call last):
  File "/usr/local/bin/slither", line 7, in <module>
    sys.exit(main())
             ~~~~^^
  File "/usr/local/Cellar/slither-analyzer/0.11.3_7/libexec/lib/python3.14/site-packages/slither/__main__.py", line 776, in main
    main_impl(all_detector_classes=detectors, all_printer_classes=printers)
    ~~~~~~~~~^^^^^^^^^^^^^^^^^^^^^^^^^^^^^^^^^^^^^^^^^^^^^^^^^^^^^^^^^^^^^^
  File "/usr/local/Cellar/slither-analyzer/0.11.3_7/libexec/lib/python3.14/site-packages/slither/__main__.py", line 882, in main_impl
    ) = process_all(filename, args, detector_classes, printer_classes)
        ~~~~~~~~~~~^^^^^^^^^^^^^^^^^^^^^^^^^^^^^^^^^^^^^^^^^^^^^^^^^^^
  File "/usr/local/Cellar/slither-analyzer/0.11.3_7/libexec/lib/python3.14/site-packages/slither/__main__.py", line 96, in process_all
    compilations = compile_all(target, **vars(args))
  File "/usr/local/Cellar/slither-analyzer/0.11.3_7/libexec/lib/python3.14/site-packages/crytic_compile/crytic_compile.py", line 737, in compile_all
    compilations.append(CryticCompile(filename, **kwargs))
                        ~~~~~~~~~~~~~^^^^^^^^^^^^^^^^^^^^
  File "/usr/local/Cellar/slither-analyzer/0.11.3_7/libexec/lib/python3.14/site-packages/crytic_compile/crytic_compile.py", line 211, in __init__
    self._compile(**kwargs)
    ~~~~~~~~~~~~~^^^^^^^^^^
  File "/usr/local/Cellar/slither-analyzer/0.11.3_7/libexec/lib/python3.14/site-packages/crytic_compile/crytic_compile.py", line 633, in _compile
    self._platform.compile(self, **kwargs)
    ~~~~~~~~~~~~~~~~~~~~~~^^^^^^^^^^^^^^^^
  File "/usr/local/Cellar/slither-analyzer/0.11.3_7/libexec/lib/python3.14/site-packages/crytic_compile/platform/solc.py", line 150, in compile
    targets_json = _get_targets_json(compilation_unit, self._target, **kwargs)
  File "/usr/local/Cellar/slither-analyzer/0.11.3_7/libexec/lib/python3.14/site-packages/crytic_compile/platform/solc.py", line 279, in _get_targets_json
    return _run_solc(
        compilation_unit,
    ...<6 lines>...
        force_legacy_json=force_legacy_json,
    )
  File "/usr/local/Cellar/slither-analyzer/0.11.3_7/libexec/lib/python3.14/site-packages/crytic_compile/platform/solc.py", line 585, in _run_solc
    raise InvalidCompilation(f"Invalid solc compilation {stderr}")
crytic_compile.platform.exceptions.InvalidCompilation: Invalid solc compilation Error: Expected ',' but got 'library'
   --> contracts/solidity/DelegatecallAdvanced.sol:332:46:
    |
332 |     function externalLibraryDelegate(address library, bytes memory data) public {
    |                                              ^^^^^^^


